Updating SCOREBOARD.md (incremental=1, no_cache=0)...
Datasets: yso-fi yso-en koko
Models:   torch_nn_split_per_label_staged
Seed:     default
Cache:    .cache/benchmarks (v3)

=============================
MODEL: torch_nn_split_per_label_staged
=============================

---- Running: benchmarks.torch_nn_split_per_label_staged (dataset=yso-fi) ----
Cache miss (or disabled). Running benchmark...
Using device: cuda
Loading training data...
Label activity | n_labels=39365 active=33934 (86.20%) inactive=5431
Train sparsity | truth avg nnz/row=6.94 | bonsai avg nnz/row=202.77 | fasttext avg nnz/row=991.22 | mllm avg nnz/row=462.66
Loading test data...

================================================================================
STAGE 1: Training base layers (conv + scale_raw) only
================================================================================
[STAGE1 ] Epoch 01 | loss=0.001012 | train_ndcg@1000(subset)=0.805305 train_ndcg@10(subset)=0.699972 | test_ndcg@1000=0.794193 test_ndcg@10=0.679242 test_f1@5=0.514800 | conv_w=0.3026,0.4273,0.2701 | scale mean=0.9988 p95=1.0000 max=1.0099 | delta|x| mean=0.000000 p95=0.000000 | total=4.417s
[STAGE1 ] Epoch 02 | loss=0.001128 | train_ndcg@1000(subset)=0.806132 train_ndcg@10(subset)=0.700598 | test_ndcg@1000=0.794530 test_ndcg@10=0.680256 test_f1@5=0.513852 | conv_w=0.3071,0.4243,0.2685 | scale mean=0.9976 p95=1.0006 max=1.0199 | delta|x| mean=0.000000 p95=0.000000 | total=3.832s
[STAGE1 ] Epoch 03 | loss=0.001190 | train_ndcg@1000(subset)=0.806967 train_ndcg@10(subset)=0.702078 | test_ndcg@1000=0.795023 test_ndcg@10=0.680796 test_f1@5=0.514513 | conv_w=0.3117,0.4213,0.2670 | scale mean=0.9965 p95=1.0012 max=1.0299 | delta|x| mean=0.000000 p95=0.000000 | total=3.803s
[STAGE1 ] Epoch 04 | loss=0.001165 | train_ndcg@1000(subset)=0.807726 train_ndcg@10(subset)=0.702907 | test_ndcg@1000=0.795858 test_ndcg@10=0.681846 test_f1@5=0.514992 | conv_w=0.3163,0.4183,0.2654 | scale mean=0.9953 p95=1.0017 max=1.0402 | delta|x| mean=0.000000 p95=0.000000 | total=4.199s
[STAGE1 ] Epoch 05 | loss=0.001058 | train_ndcg@1000(subset)=0.808204 train_ndcg@10(subset)=0.703794 | test_ndcg@1000=0.796075 test_ndcg@10=0.683095 test_f1@5=0.515201 | conv_w=0.3209,0.4152,0.2639 | scale mean=0.9942 p95=1.0024 max=1.0505 | delta|x| mean=0.000000 p95=0.000000 | total=4.029s
[STAGE1 ] Epoch 06 | loss=0.001036 | train_ndcg@1000(subset)=0.809464 train_ndcg@10(subset)=0.705481 | test_ndcg@1000=0.796482 test_ndcg@10=0.684152 test_f1@5=0.516563 | conv_w=0.3255,0.4122,0.2624 | scale mean=0.9931 p95=1.0030 max=1.0614 | delta|x| mean=0.000000 p95=0.000000 | total=3.961s
[STAGE1 ] Epoch 07 | loss=0.001073 | train_ndcg@1000(subset)=0.810138 train_ndcg@10(subset)=0.707650 | test_ndcg@1000=0.796902 test_ndcg@10=0.685327 test_f1@5=0.517863 | conv_w=0.3302,0.4091,0.2607 | scale mean=0.9920 p95=1.0037 max=1.0721 | delta|x| mean=0.000000 p95=0.000000 | total=3.925s
[STAGE1 ] Epoch 08 | loss=0.001017 | train_ndcg@1000(subset)=0.810565 train_ndcg@10(subset)=0.708231 | test_ndcg@1000=0.797985 test_ndcg@10=0.686583 test_f1@5=0.518488 | conv_w=0.3348,0.4060,0.2592 | scale mean=0.9909 p95=1.0042 max=1.0830 | delta|x| mean=0.000000 p95=0.000000 | total=4.234s
[STAGE1 ] Epoch 09 | loss=0.000969 | train_ndcg@1000(subset)=0.810927 train_ndcg@10(subset)=0.708485 | test_ndcg@1000=0.799133 test_ndcg@10=0.687849 test_f1@5=0.519692 | conv_w=0.3395,0.4030,0.2575 | scale mean=0.9898 p95=1.0048 max=1.0941 | delta|x| mean=0.000000 p95=0.000000 | total=3.943s
[STAGE1 ] Epoch 10 | loss=0.001055 | train_ndcg@1000(subset)=0.811203 train_ndcg@10(subset)=0.709029 | test_ndcg@1000=0.799123 test_ndcg@10=0.687662 test_f1@5=0.519560 | conv_w=0.3442,0.3999,0.2558 | scale mean=0.9887 p95=1.0054 max=1.1040 | delta|x| mean=0.000000 p95=0.000000 | total=3.931s
[STAGE1 ] Epoch 11 | loss=0.001119 | train_ndcg@1000(subset)=0.811107 train_ndcg@10(subset)=0.709183 | test_ndcg@1000=0.799348 test_ndcg@10=0.688431 test_f1@5=0.519644 | conv_w=0.3490,0.3970,0.2541 | scale mean=0.9877 p95=1.0059 max=1.1159 | delta|x| mean=0.000000 p95=0.000000 | total=4.242s
[STAGE1 ] Epoch 12 | loss=0.001163 | train_ndcg@1000(subset)=0.811474 train_ndcg@10(subset)=0.709779 | test_ndcg@1000=0.799442 test_ndcg@10=0.689043 test_f1@5=0.520215 | conv_w=0.3537,0.3939,0.2523 | scale mean=0.9866 p95=1.0064 max=1.1266 | delta|x| mean=0.000000 p95=0.000000 | total=4.213s
[STAGE1 ] Epoch 13 | loss=0.001056 | train_ndcg@1000(subset)=0.811864 train_ndcg@10(subset)=0.709867 | test_ndcg@1000=0.799901 test_ndcg@10=0.689560 test_f1@5=0.519532 | conv_w=0.3585,0.3909,0.2506 | scale mean=0.9855 p95=1.0070 max=1.1379 | delta|x| mean=0.000000 p95=0.000000 | total=3.888s
[STAGE1 ] Epoch 14 | loss=0.001032 | train_ndcg@1000(subset)=0.813189 train_ndcg@10(subset)=0.711475 | test_ndcg@1000=0.800291 test_ndcg@10=0.689858 test_f1@5=0.519608 | conv_w=0.3632,0.3879,0.2489 | scale mean=0.9845 p95=1.0077 max=1.1487 | delta|x| mean=0.000000 p95=0.000000 | total=3.794s
[STAGE1 ] Epoch 15 | loss=0.001219 | train_ndcg@1000(subset)=0.814144 train_ndcg@10(subset)=0.712448 | test_ndcg@1000=0.800325 test_ndcg@10=0.690050 test_f1@5=0.518992 | conv_w=0.3679,0.3848,0.2473 | scale mean=0.9834 p95=1.0082 max=1.1605 | delta|x| mean=0.000000 p95=0.000000 | total=3.795s
[STAGE1 ] Epoch 16 | loss=0.001004 | train_ndcg@1000(subset)=0.814132 train_ndcg@10(subset)=0.712784 | test_ndcg@1000=0.801053 test_ndcg@10=0.690376 test_f1@5=0.519326 | conv_w=0.3728,0.3819,0.2453 | scale mean=0.9824 p95=1.0088 max=1.1718 | delta|x| mean=0.000000 p95=0.000000 | total=4.303s
[STAGE1 ] Epoch 17 | loss=0.001236 | train_ndcg@1000(subset)=0.814444 train_ndcg@10(subset)=0.713926 | test_ndcg@1000=0.800933 test_ndcg@10=0.689836 test_f1@5=0.518936 | conv_w=0.3776,0.3788,0.2436 | scale mean=0.9814 p95=1.0093 max=1.1837 | delta|x| mean=0.000000 p95=0.000000 | total=4.221s
[STAGE1 ] Epoch 18 | loss=0.001050 | train_ndcg@1000(subset)=0.814894 train_ndcg@10(subset)=0.714128 | test_ndcg@1000=0.800973 test_ndcg@10=0.689831 test_f1@5=0.519440 | conv_w=0.3823,0.3758,0.2419 | scale mean=0.9804 p95=1.0098 max=1.1947 | delta|x| mean=0.000000 p95=0.000000 | total=4.291s
[STAGE1 ] Epoch 19 | loss=0.000916 | train_ndcg@1000(subset)=0.815164 train_ndcg@10(subset)=0.713816 | test_ndcg@1000=0.800963 test_ndcg@10=0.689857 test_f1@5=0.520231 | conv_w=0.3871,0.3728,0.2400 | scale mean=0.9794 p95=1.0103 max=1.2067 | delta|x| mean=0.000000 p95=0.000000 | total=4.086s
[STAGE1 ] Epoch 20 | loss=0.001045 | train_ndcg@1000(subset)=0.815651 train_ndcg@10(subset)=0.714000 | test_ndcg@1000=0.800935 test_ndcg@10=0.690450 test_f1@5=0.520103 | conv_w=0.3918,0.3698,0.2384 | scale mean=0.9784 p95=1.0109 max=1.2176 | delta|x| mean=0.000000 p95=0.000000 | total=4.361s
[STAGE1 ] Epoch 21 | loss=0.001128 | train_ndcg@1000(subset)=0.815476 train_ndcg@10(subset)=0.713708 | test_ndcg@1000=0.801136 test_ndcg@10=0.690671 test_f1@5=0.519379 | conv_w=0.3966,0.3668,0.2366 | scale mean=0.9774 p95=1.0114 max=1.2290 | delta|x| mean=0.000000 p95=0.000000 | total=3.924s
[STAGE1 ] Epoch 22 | loss=0.000970 | train_ndcg@1000(subset)=0.815905 train_ndcg@10(subset)=0.713538 | test_ndcg@1000=0.801183 test_ndcg@10=0.690732 test_f1@5=0.519282 | conv_w=0.4014,0.3638,0.2348 | scale mean=0.9764 p95=1.0118 max=1.2402 | delta|x| mean=0.000000 p95=0.000000 | total=3.959s
[STAGE1 ] Epoch 23 | loss=0.001047 | train_ndcg@1000(subset)=0.816252 train_ndcg@10(subset)=0.713346 | test_ndcg@1000=0.800923 test_ndcg@10=0.690867 test_f1@5=0.519729 | conv_w=0.4061,0.3608,0.2330 | scale mean=0.9754 p95=1.0122 max=1.2516 | delta|x| mean=0.000000 p95=0.000000 | total=3.908s
[STAGE1 ] Epoch 24 | loss=0.000983 | train_ndcg@1000(subset)=0.816136 train_ndcg@10(subset)=0.712947 | test_ndcg@1000=0.799862 test_ndcg@10=0.689916 test_f1@5=0.519062 | conv_w=0.4109,0.3579,0.2312 | scale mean=0.9744 p95=1.0127 max=1.2636 | delta|x| mean=0.000000 p95=0.000000 | total=3.944s
[STAGE1 ] Epoch 25 | loss=0.001148 | train_ndcg@1000(subset)=0.816726 train_ndcg@10(subset)=0.714117 | test_ndcg@1000=0.799349 test_ndcg@10=0.689582 test_f1@5=0.519328 | conv_w=0.4157,0.3549,0.2294 | scale mean=0.9735 p95=1.0132 max=1.2756 | delta|x| mean=0.000000 p95=0.000000 | total=4.065s
[STAGE1 ] Epoch 26 | loss=0.000946 | train_ndcg@1000(subset)=0.816926 train_ndcg@10(subset)=0.714096 | test_ndcg@1000=0.799599 test_ndcg@10=0.689478 test_f1@5=0.520371 | conv_w=0.4203,0.3519,0.2277 | scale mean=0.9725 p95=1.0138 max=1.2863 | delta|x| mean=0.000000 p95=0.000000 | total=3.808s
[STAGE1 ] Epoch 27 | loss=0.001170 | train_ndcg@1000(subset)=0.817154 train_ndcg@10(subset)=0.714405 | test_ndcg@1000=0.799900 test_ndcg@10=0.689914 test_f1@5=0.520519 | conv_w=0.4250,0.3489,0.2260 | scale mean=0.9716 p95=1.0142 max=1.2973 | delta|x| mean=0.000000 p95=0.000000 | total=3.840s
[STAGE1 ] Epoch 28 | loss=0.001037 | train_ndcg@1000(subset)=0.817088 train_ndcg@10(subset)=0.714575 | test_ndcg@1000=0.800090 test_ndcg@10=0.690327 test_f1@5=0.520494 | conv_w=0.4297,0.3460,0.2243 | scale mean=0.9706 p95=1.0148 max=1.3086 | delta|x| mean=0.000000 p95=0.000000 | total=3.771s
[STAGE1 ] Epoch 29 | loss=0.000832 | train_ndcg@1000(subset)=0.817805 train_ndcg@10(subset)=0.715216 | test_ndcg@1000=0.799894 test_ndcg@10=0.689909 test_f1@5=0.520076 | conv_w=0.4344,0.3430,0.2226 | scale mean=0.9697 p95=1.0152 max=1.3200 | delta|x| mean=0.000000 p95=0.000000 | total=4.079s
[STAGE1 ] Epoch 30 | loss=0.001084 | train_ndcg@1000(subset)=0.817747 train_ndcg@10(subset)=0.715355 | test_ndcg@1000=0.799743 test_ndcg@10=0.689921 test_f1@5=0.519028 | conv_w=0.4390,0.3401,0.2209 | scale mean=0.9688 p95=1.0158 max=1.3292 | delta|x| mean=0.000000 p95=0.000000 | total=3.806s

Stage 1 complete: best epoch=29, train_ndcg@1000=0.817805
  Train NDCG@10=0.722109  NDCG@1000=0.819410
  Test  NDCG@10=0.689909  NDCG@1000=0.799894  F1@5=0.520076

================================================================================
STAGE 2: Unfreezing all parameters and continuing training
================================================================================
[STAGE2 ] Epoch 01 | loss=0.002284 | train_ndcg@1000(subset)=0.809838 train_ndcg@10(subset)=0.723189 | test_ndcg@1000=0.788285 test_ndcg@10=0.697554 test_f1@5=0.524060 | conv_w=0.4354,0.3423,0.2223 | scale mean=0.9693 p95=1.0152 max=1.3261 | delta|x| mean=0.017059 p95=0.043328 | total=3.889s
[STAGE2 ] Epoch 02 | loss=0.002280 | train_ndcg@1000(subset)=0.810263 train_ndcg@10(subset)=0.730719 | test_ndcg@1000=0.777834 test_ndcg@10=0.696380 test_f1@5=0.524870 | conv_w=0.4347,0.3419,0.2234 | scale mean=0.9691 p95=1.0157 max=1.3319 | delta|x| mean=0.031518 p95=0.073647 | total=3.973s
[STAGE2 ] Epoch 03 | loss=0.001990 | train_ndcg@1000(subset)=0.814354 train_ndcg@10(subset)=0.731832 | test_ndcg@1000=0.782983 test_ndcg@10=0.695693 test_f1@5=0.524426 | conv_w=0.4344,0.3413,0.2243 | scale mean=0.9691 p95=1.0165 max=1.3377 | delta|x| mean=0.028576 p95=0.062741 | total=4.025s
[STAGE2 ] Epoch 04 | loss=0.001576 | train_ndcg@1000(subset)=0.816665 train_ndcg@10(subset)=0.731990 | test_ndcg@1000=0.784886 test_ndcg@10=0.695218 test_f1@5=0.523724 | conv_w=0.4341,0.3407,0.2252 | scale mean=0.9691 p95=1.0172 max=1.3431 | delta|x| mean=0.027263 p95=0.058180 | total=4.079s
[STAGE2 ] Epoch 05 | loss=0.001556 | train_ndcg@1000(subset)=0.818432 train_ndcg@10(subset)=0.734965 | test_ndcg@1000=0.779989 test_ndcg@10=0.694160 test_f1@5=0.524122 | conv_w=0.4337,0.3405,0.2259 | scale mean=0.9691 p95=1.0180 max=1.3488 | delta|x| mean=0.032847 p95=0.071119 | total=4.005s
[STAGE2 ] Epoch 06 | loss=0.001445 | train_ndcg@1000(subset)=0.818587 train_ndcg@10(subset)=0.735665 | test_ndcg@1000=0.777729 test_ndcg@10=0.694507 test_f1@5=0.525203 | conv_w=0.4336,0.3403,0.2261 | scale mean=0.9691 p95=1.0187 max=1.3535 | delta|x| mean=0.036474 p95=0.079816 | total=3.904s
[STAGE2 ] Epoch 07 | loss=0.001492 | train_ndcg@1000(subset)=0.820596 train_ndcg@10(subset)=0.737572 | test_ndcg@1000=0.778108 test_ndcg@10=0.694349 test_f1@5=0.525458 | conv_w=0.4335,0.3403,0.2263 | scale mean=0.9691 p95=1.0194 max=1.3584 | delta|x| mean=0.036411 p95=0.080649 | total=4.012s
[STAGE2 ] Epoch 08 | loss=0.001676 | train_ndcg@1000(subset)=0.823588 train_ndcg@10(subset)=0.739633 | test_ndcg@1000=0.776845 test_ndcg@10=0.693266 test_f1@5=0.524410 | conv_w=0.4335,0.3402,0.2263 | scale mean=0.9691 p95=1.0201 max=1.3636 | delta|x| mean=0.037645 p95=0.083863 | total=4.083s
[STAGE2 ] Epoch 09 | loss=0.001568 | train_ndcg@1000(subset)=0.824505 train_ndcg@10(subset)=0.740267 | test_ndcg@1000=0.775983 test_ndcg@10=0.691717 test_f1@5=0.522583 | conv_w=0.4336,0.3400,0.2264 | scale mean=0.9692 p95=1.0208 max=1.3693 | delta|x| mean=0.038971 p95=0.087245 | total=3.770s
[STAGE2 ] Epoch 10 | loss=0.001533 | train_ndcg@1000(subset)=0.826392 train_ndcg@10(subset)=0.743073 | test_ndcg@1000=0.773859 test_ndcg@10=0.691342 test_f1@5=0.524534 | conv_w=0.4337,0.3399,0.2264 | scale mean=0.9692 p95=1.0217 max=1.3756 | delta|x| mean=0.041709 p95=0.094848 | total=3.889s
[STAGE2 ] Epoch 11 | loss=0.001441 | train_ndcg@1000(subset)=0.827578 train_ndcg@10(subset)=0.744092 | test_ndcg@1000=0.772883 test_ndcg@10=0.690737 test_f1@5=0.525069 | conv_w=0.4338,0.3397,0.2265 | scale mean=0.9693 p95=1.0226 max=1.3821 | delta|x| mean=0.042452 p95=0.097506 | total=3.686s
[STAGE2 ] Epoch 12 | loss=0.001412 | train_ndcg@1000(subset)=0.828293 train_ndcg@10(subset)=0.746100 | test_ndcg@1000=0.772897 test_ndcg@10=0.691730 test_f1@5=0.524056 | conv_w=0.4339,0.3395,0.2265 | scale mean=0.9693 p95=1.0234 max=1.3878 | delta|x| mean=0.042145 p95=0.097527 | total=3.785s
[STAGE2 ] Epoch 13 | loss=0.001401 | train_ndcg@1000(subset)=0.829735 train_ndcg@10(subset)=0.747237 | test_ndcg@1000=0.773179 test_ndcg@10=0.690415 test_f1@5=0.523654 | conv_w=0.4340,0.3394,0.2266 | scale mean=0.9694 p95=1.0242 max=1.3941 | delta|x| mean=0.041969 p95=0.097774 | total=3.633s
[STAGE2 ] Epoch 14 | loss=0.001364 | train_ndcg@1000(subset)=0.830843 train_ndcg@10(subset)=0.749842 | test_ndcg@1000=0.770882 test_ndcg@10=0.689050 test_f1@5=0.522214 | conv_w=0.4342,0.3392,0.2267 | scale mean=0.9694 p95=1.0249 max=1.3999 | delta|x| mean=0.044516 p95=0.104505 | total=3.723s
[STAGE2 ] Epoch 15 | loss=0.001471 | train_ndcg@1000(subset)=0.831404 train_ndcg@10(subset)=0.750129 | test_ndcg@1000=0.770587 test_ndcg@10=0.690449 test_f1@5=0.522892 | conv_w=0.4343,0.3389,0.2268 | scale mean=0.9695 p95=1.0257 max=1.4052 | delta|x| mean=0.045746 p95=0.107794 | total=3.729s
[STAGE2 ] Epoch 16 | loss=0.001218 | train_ndcg@1000(subset)=0.833998 train_ndcg@10(subset)=0.754005 | test_ndcg@1000=0.769651 test_ndcg@10=0.690589 test_f1@5=0.522994 | conv_w=0.4345,0.3387,0.2268 | scale mean=0.9696 p95=1.0264 max=1.4106 | delta|x| mean=0.046313 p95=0.109796 | total=3.801s
[STAGE2 ] Epoch 17 | loss=0.001163 | train_ndcg@1000(subset)=0.834369 train_ndcg@10(subset)=0.753335 | test_ndcg@1000=0.770479 test_ndcg@10=0.690513 test_f1@5=0.522407 | conv_w=0.4347,0.3384,0.2269 | scale mean=0.9696 p95=1.0272 max=1.4148 | delta|x| mean=0.045596 p95=0.108439 | total=3.794s
[STAGE2 ] Epoch 18 | loss=0.001487 | train_ndcg@1000(subset)=0.836271 train_ndcg@10(subset)=0.756227 | test_ndcg@1000=0.767448 test_ndcg@10=0.689413 test_f1@5=0.522188 | conv_w=0.4349,0.3381,0.2269 | scale mean=0.9697 p95=1.0280 max=1.4191 | delta|x| mean=0.047512 p95=0.113914 | total=3.867s
[STAGE2 ] Epoch 19 | loss=0.001312 | train_ndcg@1000(subset)=0.837642 train_ndcg@10(subset)=0.757973 | test_ndcg@1000=0.766536 test_ndcg@10=0.689316 test_f1@5=0.523701 | conv_w=0.4352,0.3379,0.2270 | scale mean=0.9698 p95=1.0286 max=1.4253 | delta|x| mean=0.048887 p95=0.117645 | total=3.836s
[STAGE2 ] Epoch 20 | loss=0.001417 | train_ndcg@1000(subset)=0.838899 train_ndcg@10(subset)=0.760087 | test_ndcg@1000=0.766958 test_ndcg@10=0.689589 test_f1@5=0.524757 | conv_w=0.4354,0.3376,0.2271 | scale mean=0.9698 p95=1.0294 max=1.4313 | delta|x| mean=0.048918 p95=0.118185 | total=3.761s
[STAGE2 ] Epoch 21 | loss=0.001784 | train_ndcg@1000(subset)=0.840764 train_ndcg@10(subset)=0.761704 | test_ndcg@1000=0.766448 test_ndcg@10=0.689938 test_f1@5=0.523859 | conv_w=0.4357,0.3372,0.2271 | scale mean=0.9699 p95=1.0300 max=1.4374 | delta|x| mean=0.050341 p95=0.122231 | total=3.885s
[STAGE2 ] Epoch 22 | loss=0.001330 | train_ndcg@1000(subset)=0.842314 train_ndcg@10(subset)=0.764637 | test_ndcg@1000=0.767133 test_ndcg@10=0.690099 test_f1@5=0.522154 | conv_w=0.4360,0.3369,0.2271 | scale mean=0.9700 p95=1.0307 max=1.4435 | delta|x| mean=0.050418 p95=0.122821 | total=3.935s
[STAGE2 ] Epoch 23 | loss=0.001461 | train_ndcg@1000(subset)=0.844738 train_ndcg@10(subset)=0.767603 | test_ndcg@1000=0.765226 test_ndcg@10=0.689529 test_f1@5=0.522784 | conv_w=0.4363,0.3365,0.2272 | scale mean=0.9701 p95=1.0314 max=1.4496 | delta|x| mean=0.052482 p95=0.128736 | total=4.066s
[STAGE2 ] Epoch 24 | loss=0.001307 | train_ndcg@1000(subset)=0.846934 train_ndcg@10(subset)=0.772430 | test_ndcg@1000=0.762296 test_ndcg@10=0.687709 test_f1@5=0.521083 | conv_w=0.4367,0.3361,0.2272 | scale mean=0.9702 p95=1.0324 max=1.4563 | delta|x| mean=0.054155 p95=0.133706 | total=3.958s
[STAGE2 ] Epoch 25 | loss=0.001157 | train_ndcg@1000(subset)=0.847538 train_ndcg@10(subset)=0.773445 | test_ndcg@1000=0.762862 test_ndcg@10=0.687479 test_f1@5=0.521792 | conv_w=0.4370,0.3357,0.2273 | scale mean=0.9702 p95=1.0332 max=1.4617 | delta|x| mean=0.053104 p95=0.131038 | total=4.049s
[STAGE2 ] Epoch 26 | loss=0.001376 | train_ndcg@1000(subset)=0.848391 train_ndcg@10(subset)=0.775388 | test_ndcg@1000=0.761790 test_ndcg@10=0.687229 test_f1@5=0.520712 | conv_w=0.4373,0.3354,0.2273 | scale mean=0.9703 p95=1.0340 max=1.4672 | delta|x| mean=0.054983 p95=0.136164 | total=4.218s
[STAGE2 ] Epoch 27 | loss=0.001178 | train_ndcg@1000(subset)=0.849995 train_ndcg@10(subset)=0.776228 | test_ndcg@1000=0.759874 test_ndcg@10=0.686589 test_f1@5=0.521401 | conv_w=0.4377,0.3350,0.2274 | scale mean=0.9704 p95=1.0347 max=1.4728 | delta|x| mean=0.056421 p95=0.140482 | total=4.078s
[STAGE2 ] Epoch 28 | loss=0.001319 | train_ndcg@1000(subset)=0.852048 train_ndcg@10(subset)=0.779712 | test_ndcg@1000=0.760103 test_ndcg@10=0.687676 test_f1@5=0.520225 | conv_w=0.4380,0.3345,0.2274 | scale mean=0.9705 p95=1.0356 max=1.4785 | delta|x| mean=0.057050 p95=0.142689 | total=3.789s
[STAGE2 ] Epoch 29 | loss=0.001285 | train_ndcg@1000(subset)=0.852632 train_ndcg@10(subset)=0.781465 | test_ndcg@1000=0.759939 test_ndcg@10=0.687754 test_f1@5=0.521293 | conv_w=0.4384,0.3341,0.2275 | scale mean=0.9706 p95=1.0364 max=1.4846 | delta|x| mean=0.056985 p95=0.142389 | total=3.771s
[STAGE2 ] Epoch 30 | loss=0.001424 | train_ndcg@1000(subset)=0.853997 train_ndcg@10(subset)=0.784754 | test_ndcg@1000=0.758153 test_ndcg@10=0.687176 test_f1@5=0.521164 | conv_w=0.4388,0.3337,0.2275 | scale mean=0.9707 p95=1.0372 max=1.4907 | delta|x| mean=0.058286 p95=0.146075 | total=3.840s

Stage 2 complete: best epoch=30, train_ndcg@1000=0.853997
  Train NDCG@10=0.788020  NDCG@1000=0.853119
  Test  NDCG@10=0.687176  NDCG@1000=0.758153  F1@5=0.521164

================================================================================
FINAL SUMMARY
================================================================================
Stage 1 best | epoch=29 | test_ndcg@10=0.689909 | test_ndcg@1000=0.799894 | f1@5=0.520076
Stage 2 best | epoch=30 | test_ndcg@10=0.687176 | test_ndcg@1000=0.758153 | f1@5=0.521164

Saved best result to SCOREBOARD.md
Cached metrics: .cache/benchmarks/v3--torch_nn_split_p--yso-fi--9014826c5da645921f53ff8b26264faa2adc14dcc7c6bd999eabecf1f9149b33.metrics

---- Running: benchmarks.torch_nn_split_per_label_staged (dataset=yso-en) ----
Cache miss (or disabled). Running benchmark...
Using device: cuda
Loading training data...
Label activity | n_labels=39365 active=31370 (79.69%) inactive=7995
Train sparsity | truth avg nnz/row=6.74 | bonsai avg nnz/row=193.38 | fasttext avg nnz/row=977.73 | mllm avg nnz/row=590.75
Loading test data...

================================================================================
STAGE 1: Training base layers (conv + scale_raw) only
================================================================================
[STAGE1 ] Epoch 01 | loss=0.001662 | train_ndcg@1000(subset)=0.800469 train_ndcg@10(subset)=0.694266 | test_ndcg@1000=0.744563 test_ndcg@10=0.612233 test_f1@5=0.425941 | conv_w=0.3996,0.2702,0.3302 | scale mean=0.9988 p95=1.0000 max=1.0087 | delta|x| mean=0.000000 p95=0.000000 | total=3.702s
[STAGE1 ] Epoch 02 | loss=0.001215 | train_ndcg@1000(subset)=0.801271 train_ndcg@10(subset)=0.694808 | test_ndcg@1000=0.745741 test_ndcg@10=0.614169 test_f1@5=0.426886 | conv_w=0.4039,0.2683,0.3278 | scale mean=0.9977 p95=1.0000 max=1.0172 | delta|x| mean=0.000000 p95=0.000000 | total=3.170s
[STAGE1 ] Epoch 03 | loss=0.000867 | train_ndcg@1000(subset)=0.801594 train_ndcg@10(subset)=0.695895 | test_ndcg@1000=0.747169 test_ndcg@10=0.615946 test_f1@5=0.428478 | conv_w=0.4082,0.2663,0.3255 | scale mean=0.9966 p95=1.0000 max=1.0257 | delta|x| mean=0.000000 p95=0.000000 | total=2.919s
[STAGE1 ] Epoch 04 | loss=0.000877 | train_ndcg@1000(subset)=0.802113 train_ndcg@10(subset)=0.696853 | test_ndcg@1000=0.747966 test_ndcg@10=0.617549 test_f1@5=0.429911 | conv_w=0.4125,0.2644,0.3231 | scale mean=0.9954 p95=1.0000 max=1.0343 | delta|x| mean=0.000000 p95=0.000000 | total=3.064s
[STAGE1 ] Epoch 05 | loss=0.000961 | train_ndcg@1000(subset)=0.802840 train_ndcg@10(subset)=0.698325 | test_ndcg@1000=0.749391 test_ndcg@10=0.619140 test_f1@5=0.432767 | conv_w=0.4168,0.2624,0.3207 | scale mean=0.9943 p95=1.0000 max=1.0426 | delta|x| mean=0.000000 p95=0.000000 | total=2.935s
[STAGE1 ] Epoch 06 | loss=0.000954 | train_ndcg@1000(subset)=0.803174 train_ndcg@10(subset)=0.699032 | test_ndcg@1000=0.749747 test_ndcg@10=0.620090 test_f1@5=0.433273 | conv_w=0.4211,0.2605,0.3184 | scale mean=0.9932 p95=1.0000 max=1.0511 | delta|x| mean=0.000000 p95=0.000000 | total=3.010s
[STAGE1 ] Epoch 07 | loss=0.000845 | train_ndcg@1000(subset)=0.803816 train_ndcg@10(subset)=0.700714 | test_ndcg@1000=0.751563 test_ndcg@10=0.622476 test_f1@5=0.435258 | conv_w=0.4254,0.2586,0.3160 | scale mean=0.9921 p95=1.0000 max=1.0589 | delta|x| mean=0.000000 p95=0.000000 | total=3.005s
[STAGE1 ] Epoch 08 | loss=0.001148 | train_ndcg@1000(subset)=0.804957 train_ndcg@10(subset)=0.701901 | test_ndcg@1000=0.752535 test_ndcg@10=0.624235 test_f1@5=0.439303 | conv_w=0.4297,0.2567,0.3136 | scale mean=0.9911 p95=1.0000 max=1.0679 | delta|x| mean=0.000000 p95=0.000000 | total=3.035s
[STAGE1 ] Epoch 09 | loss=0.000785 | train_ndcg@1000(subset)=0.804761 train_ndcg@10(subset)=0.701859 | test_ndcg@1000=0.753374 test_ndcg@10=0.625172 test_f1@5=0.439441 | conv_w=0.4339,0.2547,0.3113 | scale mean=0.9900 p95=1.0000 max=1.0762 | delta|x| mean=0.000000 p95=0.000000 | total=2.966s
[STAGE1 ] Epoch 10 | loss=0.001496 | train_ndcg@1000(subset)=0.805309 train_ndcg@10(subset)=0.702769 | test_ndcg@1000=0.754581 test_ndcg@10=0.626435 test_f1@5=0.441276 | conv_w=0.4382,0.2528,0.3089 | scale mean=0.9889 p95=1.0000 max=1.0848 | delta|x| mean=0.000000 p95=0.000000 | total=3.215s
[STAGE1 ] Epoch 11 | loss=0.000962 | train_ndcg@1000(subset)=0.805806 train_ndcg@10(subset)=0.704636 | test_ndcg@1000=0.755093 test_ndcg@10=0.627501 test_f1@5=0.442842 | conv_w=0.4425,0.2509,0.3066 | scale mean=0.9879 p95=1.0000 max=1.0946 | delta|x| mean=0.000000 p95=0.000000 | total=3.487s
[STAGE1 ] Epoch 12 | loss=0.000865 | train_ndcg@1000(subset)=0.806272 train_ndcg@10(subset)=0.705778 | test_ndcg@1000=0.755942 test_ndcg@10=0.629458 test_f1@5=0.443937 | conv_w=0.4468,0.2489,0.3043 | scale mean=0.9868 p95=1.0000 max=1.1035 | delta|x| mean=0.000000 p95=0.000000 | total=3.574s
[STAGE1 ] Epoch 13 | loss=0.001095 | train_ndcg@1000(subset)=0.807155 train_ndcg@10(subset)=0.707243 | test_ndcg@1000=0.758315 test_ndcg@10=0.632544 test_f1@5=0.447386 | conv_w=0.4510,0.2469,0.3021 | scale mean=0.9858 p95=1.0000 max=1.1132 | delta|x| mean=0.000000 p95=0.000000 | total=3.391s
[STAGE1 ] Epoch 14 | loss=0.001151 | train_ndcg@1000(subset)=0.807307 train_ndcg@10(subset)=0.707577 | test_ndcg@1000=0.758914 test_ndcg@10=0.634031 test_f1@5=0.447647 | conv_w=0.4552,0.2450,0.2998 | scale mean=0.9848 p95=1.0000 max=1.1223 | delta|x| mean=0.000000 p95=0.000000 | total=3.028s
[STAGE1 ] Epoch 15 | loss=0.001026 | train_ndcg@1000(subset)=0.807618 train_ndcg@10(subset)=0.707813 | test_ndcg@1000=0.759700 test_ndcg@10=0.635511 test_f1@5=0.448597 | conv_w=0.4594,0.2430,0.2975 | scale mean=0.9838 p95=1.0000 max=1.1320 | delta|x| mean=0.000000 p95=0.000000 | total=3.109s
[STAGE1 ] Epoch 16 | loss=0.001774 | train_ndcg@1000(subset)=0.808285 train_ndcg@10(subset)=0.709192 | test_ndcg@1000=0.760400 test_ndcg@10=0.636673 test_f1@5=0.449750 | conv_w=0.4636,0.2411,0.2953 | scale mean=0.9828 p95=1.0000 max=1.1422 | delta|x| mean=0.000000 p95=0.000000 | total=3.171s
[STAGE1 ] Epoch 17 | loss=0.001051 | train_ndcg@1000(subset)=0.808113 train_ndcg@10(subset)=0.708338 | test_ndcg@1000=0.761056 test_ndcg@10=0.637176 test_f1@5=0.451911 | conv_w=0.4678,0.2391,0.2931 | scale mean=0.9818 p95=1.0000 max=1.1530 | delta|x| mean=0.000000 p95=0.000000 | total=3.409s
[STAGE1 ] Epoch 18 | loss=0.000707 | train_ndcg@1000(subset)=0.808877 train_ndcg@10(subset)=0.709216 | test_ndcg@1000=0.760988 test_ndcg@10=0.637430 test_f1@5=0.452882 | conv_w=0.4719,0.2371,0.2909 | scale mean=0.9808 p95=1.0000 max=1.1617 | delta|x| mean=0.000000 p95=0.000000 | total=3.378s
[STAGE1 ] Epoch 19 | loss=0.001473 | train_ndcg@1000(subset)=0.809606 train_ndcg@10(subset)=0.710322 | test_ndcg@1000=0.761640 test_ndcg@10=0.638767 test_f1@5=0.454502 | conv_w=0.4761,0.2352,0.2886 | scale mean=0.9798 p95=1.0000 max=1.1706 | delta|x| mean=0.000000 p95=0.000000 | total=3.307s
[STAGE1 ] Epoch 20 | loss=0.001185 | train_ndcg@1000(subset)=0.810381 train_ndcg@10(subset)=0.711737 | test_ndcg@1000=0.762139 test_ndcg@10=0.639620 test_f1@5=0.454477 | conv_w=0.4803,0.2333,0.2864 | scale mean=0.9788 p95=1.0000 max=1.1791 | delta|x| mean=0.000000 p95=0.000000 | total=3.119s
[STAGE1 ] Epoch 21 | loss=0.000872 | train_ndcg@1000(subset)=0.810655 train_ndcg@10(subset)=0.712677 | test_ndcg@1000=0.762719 test_ndcg@10=0.641294 test_f1@5=0.454754 | conv_w=0.4844,0.2313,0.2842 | scale mean=0.9778 p95=1.0000 max=1.1878 | delta|x| mean=0.000000 p95=0.000000 | total=2.947s
[STAGE1 ] Epoch 22 | loss=0.001068 | train_ndcg@1000(subset)=0.810979 train_ndcg@10(subset)=0.713456 | test_ndcg@1000=0.763472 test_ndcg@10=0.642685 test_f1@5=0.455824 | conv_w=0.4885,0.2294,0.2821 | scale mean=0.9769 p95=1.0000 max=1.1971 | delta|x| mean=0.000000 p95=0.000000 | total=3.266s
[STAGE1 ] Epoch 23 | loss=0.000703 | train_ndcg@1000(subset)=0.811269 train_ndcg@10(subset)=0.714210 | test_ndcg@1000=0.764229 test_ndcg@10=0.643938 test_f1@5=0.456948 | conv_w=0.4927,0.2275,0.2798 | scale mean=0.9759 p95=1.0000 max=1.2063 | delta|x| mean=0.000000 p95=0.000000 | total=3.527s
[STAGE1 ] Epoch 24 | loss=0.001299 | train_ndcg@1000(subset)=0.811324 train_ndcg@10(subset)=0.714010 | test_ndcg@1000=0.765286 test_ndcg@10=0.645103 test_f1@5=0.458047 | conv_w=0.4968,0.2257,0.2775 | scale mean=0.9749 p95=1.0000 max=1.2156 | delta|x| mean=0.000000 p95=0.000000 | total=3.283s
[STAGE1 ] Epoch 25 | loss=0.001489 | train_ndcg@1000(subset)=0.811466 train_ndcg@10(subset)=0.714002 | test_ndcg@1000=0.765905 test_ndcg@10=0.646507 test_f1@5=0.459575 | conv_w=0.5009,0.2238,0.2753 | scale mean=0.9740 p95=1.0000 max=1.2246 | delta|x| mean=0.000000 p95=0.000000 | total=3.074s
[STAGE1 ] Epoch 26 | loss=0.001044 | train_ndcg@1000(subset)=0.811640 train_ndcg@10(subset)=0.714324 | test_ndcg@1000=0.766442 test_ndcg@10=0.647408 test_f1@5=0.459956 | conv_w=0.5049,0.2220,0.2731 | scale mean=0.9730 p95=1.0000 max=1.2349 | delta|x| mean=0.000000 p95=0.000000 | total=3.098s
[STAGE1 ] Epoch 27 | loss=0.001227 | train_ndcg@1000(subset)=0.811951 train_ndcg@10(subset)=0.714936 | test_ndcg@1000=0.766814 test_ndcg@10=0.647763 test_f1@5=0.459942 | conv_w=0.5089,0.2202,0.2709 | scale mean=0.9721 p95=1.0000 max=1.2447 | delta|x| mean=0.000000 p95=0.000000 | total=3.220s
[STAGE1 ] Epoch 28 | loss=0.001421 | train_ndcg@1000(subset)=0.812390 train_ndcg@10(subset)=0.715283 | test_ndcg@1000=0.767208 test_ndcg@10=0.648344 test_f1@5=0.460343 | conv_w=0.5129,0.2184,0.2687 | scale mean=0.9712 p95=1.0000 max=1.2545 | delta|x| mean=0.000000 p95=0.000000 | total=3.041s
[STAGE1 ] Epoch 29 | loss=0.000744 | train_ndcg@1000(subset)=0.812511 train_ndcg@10(subset)=0.715312 | test_ndcg@1000=0.766918 test_ndcg@10=0.648737 test_f1@5=0.460693 | conv_w=0.5168,0.2165,0.2667 | scale mean=0.9703 p95=1.0000 max=1.2647 | delta|x| mean=0.000000 p95=0.000000 | total=3.008s
[STAGE1 ] Epoch 30 | loss=0.000757 | train_ndcg@1000(subset)=0.813008 train_ndcg@10(subset)=0.715848 | test_ndcg@1000=0.767279 test_ndcg@10=0.649100 test_f1@5=0.460252 | conv_w=0.5207,0.2147,0.2646 | scale mean=0.9694 p95=1.0000 max=1.2745 | delta|x| mean=0.000000 p95=0.000000 | total=2.975s

Stage 1 complete: best epoch=30, train_ndcg@1000=0.813008
  Train NDCG@10=0.714084  NDCG@1000=0.810854
  Test  NDCG@10=0.649100  NDCG@1000=0.767279  F1@5=0.460252

================================================================================
STAGE 2: Unfreezing all parameters and continuing training
================================================================================
[STAGE2 ] Epoch 01 | loss=0.002099 | train_ndcg@1000(subset)=0.805387 train_ndcg@10(subset)=0.718202 | test_ndcg@1000=0.755579 test_ndcg@10=0.652878 test_f1@5=0.461458 | conv_w=0.5219,0.2145,0.2635 | scale mean=0.9689 p95=1.0000 max=1.2796 | delta|x| mean=0.012151 p95=0.027241 | total=3.355s
[STAGE2 ] Epoch 02 | loss=0.002373 | train_ndcg@1000(subset)=0.803514 train_ndcg@10(subset)=0.724519 | test_ndcg@1000=0.743208 test_ndcg@10=0.653181 test_f1@5=0.458024 | conv_w=0.5212,0.2153,0.2635 | scale mean=0.9687 p95=1.0000 max=1.2846 | delta|x| mean=0.033363 p95=0.074855 | total=3.137s
[STAGE2 ] Epoch 03 | loss=0.002125 | train_ndcg@1000(subset)=0.807470 train_ndcg@10(subset)=0.730973 | test_ndcg@1000=0.740102 test_ndcg@10=0.649376 test_f1@5=0.457267 | conv_w=0.5208,0.2155,0.2637 | scale mean=0.9686 p95=1.0000 max=1.2897 | delta|x| mean=0.041309 p95=0.091013 | total=3.224s
[STAGE2 ] Epoch 04 | loss=0.001990 | train_ndcg@1000(subset)=0.810262 train_ndcg@10(subset)=0.732594 | test_ndcg@1000=0.741369 test_ndcg@10=0.648771 test_f1@5=0.456145 | conv_w=0.5206,0.2154,0.2641 | scale mean=0.9685 p95=1.0000 max=1.2947 | delta|x| mean=0.040142 p95=0.087999 | total=3.104s
[STAGE2 ] Epoch 05 | loss=0.001487 | train_ndcg@1000(subset)=0.812574 train_ndcg@10(subset)=0.735972 | test_ndcg@1000=0.741420 test_ndcg@10=0.647599 test_f1@5=0.457038 | conv_w=0.5200,0.2160,0.2640 | scale mean=0.9685 p95=1.0000 max=1.2995 | delta|x| mean=0.040709 p95=0.089884 | total=3.068s
[STAGE2 ] Epoch 06 | loss=0.001681 | train_ndcg@1000(subset)=0.814609 train_ndcg@10(subset)=0.738551 | test_ndcg@1000=0.740245 test_ndcg@10=0.648215 test_f1@5=0.456012 | conv_w=0.5192,0.2164,0.2644 | scale mean=0.9685 p95=1.0000 max=1.3049 | delta|x| mean=0.042510 p95=0.094481 | total=3.122s
[STAGE2 ] Epoch 07 | loss=0.001738 | train_ndcg@1000(subset)=0.816443 train_ndcg@10(subset)=0.741333 | test_ndcg@1000=0.736572 test_ndcg@10=0.647661 test_f1@5=0.455970 | conv_w=0.5189,0.2166,0.2646 | scale mean=0.9685 p95=1.0000 max=1.3101 | delta|x| mean=0.046765 p95=0.104622 | total=3.093s
[STAGE2 ] Epoch 08 | loss=0.001507 | train_ndcg@1000(subset)=0.818506 train_ndcg@10(subset)=0.744663 | test_ndcg@1000=0.735231 test_ndcg@10=0.648998 test_f1@5=0.456890 | conv_w=0.5190,0.2165,0.2645 | scale mean=0.9685 p95=1.0000 max=1.3156 | delta|x| mean=0.050270 p95=0.113204 | total=3.063s
[STAGE2 ] Epoch 09 | loss=0.002248 | train_ndcg@1000(subset)=0.820432 train_ndcg@10(subset)=0.747660 | test_ndcg@1000=0.734169 test_ndcg@10=0.646477 test_f1@5=0.455619 | conv_w=0.5194,0.2163,0.2643 | scale mean=0.9685 p95=1.0004 max=1.3213 | delta|x| mean=0.051734 p95=0.117436 | total=3.337s
[STAGE2 ] Epoch 10 | loss=0.002576 | train_ndcg@1000(subset)=0.820426 train_ndcg@10(subset)=0.747846 | test_ndcg@1000=0.733467 test_ndcg@10=0.645078 test_f1@5=0.455716 | conv_w=0.5199,0.2161,0.2640 | scale mean=0.9685 p95=1.0008 max=1.3263 | delta|x| mean=0.051740 p95=0.118793 | total=3.510s
[STAGE2 ] Epoch 11 | loss=0.001537 | train_ndcg@1000(subset)=0.821509 train_ndcg@10(subset)=0.749321 | test_ndcg@1000=0.732615 test_ndcg@10=0.644206 test_f1@5=0.454352 | conv_w=0.5204,0.2157,0.2638 | scale mean=0.9685 p95=1.0014 max=1.3316 | delta|x| mean=0.052800 p95=0.122262 | total=3.263s
[STAGE2 ] Epoch 12 | loss=0.002835 | train_ndcg@1000(subset)=0.823112 train_ndcg@10(subset)=0.752396 | test_ndcg@1000=0.731592 test_ndcg@10=0.642835 test_f1@5=0.455602 | conv_w=0.5211,0.2154,0.2635 | scale mean=0.9685 p95=1.0018 max=1.3372 | delta|x| mean=0.054416 p95=0.126884 | total=3.602s
[STAGE2 ] Epoch 13 | loss=0.001884 | train_ndcg@1000(subset)=0.823899 train_ndcg@10(subset)=0.753252 | test_ndcg@1000=0.730059 test_ndcg@10=0.641705 test_f1@5=0.457998 | conv_w=0.5218,0.2150,0.2632 | scale mean=0.9686 p95=1.0023 max=1.3429 | delta|x| mean=0.056512 p95=0.132738 | total=3.258s
[STAGE2 ] Epoch 14 | loss=0.001800 | train_ndcg@1000(subset)=0.825346 train_ndcg@10(subset)=0.755787 | test_ndcg@1000=0.728907 test_ndcg@10=0.642078 test_f1@5=0.457647 | conv_w=0.5225,0.2147,0.2629 | scale mean=0.9686 p95=1.0028 max=1.3482 | delta|x| mean=0.057349 p95=0.135983 | total=3.386s
[STAGE2 ] Epoch 15 | loss=0.001821 | train_ndcg@1000(subset)=0.826609 train_ndcg@10(subset)=0.756755 | test_ndcg@1000=0.727974 test_ndcg@10=0.641455 test_f1@5=0.457259 | conv_w=0.5231,0.2143,0.2626 | scale mean=0.9686 p95=1.0032 max=1.3531 | delta|x| mean=0.057979 p95=0.138521 | total=3.292s
[STAGE2 ] Epoch 16 | loss=0.002772 | train_ndcg@1000(subset)=0.826875 train_ndcg@10(subset)=0.758347 | test_ndcg@1000=0.729208 test_ndcg@10=0.643105 test_f1@5=0.457736 | conv_w=0.5236,0.2147,0.2617 | scale mean=0.9687 p95=1.0036 max=1.3582 | delta|x| mean=0.058111 p95=0.140386 | total=3.245s
[STAGE2 ] Epoch 17 | loss=0.001699 | train_ndcg@1000(subset)=0.827439 train_ndcg@10(subset)=0.759536 | test_ndcg@1000=0.728033 test_ndcg@10=0.642791 test_f1@5=0.458209 | conv_w=0.5243,0.2148,0.2609 | scale mean=0.9687 p95=1.0040 max=1.3635 | delta|x| mean=0.059271 p95=0.144481 | total=3.330s
[STAGE2 ] Epoch 18 | loss=0.002152 | train_ndcg@1000(subset)=0.828602 train_ndcg@10(subset)=0.761252 | test_ndcg@1000=0.726160 test_ndcg@10=0.642660 test_f1@5=0.458314 | conv_w=0.5250,0.2146,0.2604 | scale mean=0.9687 p95=1.0044 max=1.3691 | delta|x| mean=0.060672 p95=0.148616 | total=3.229s
[STAGE2 ] Epoch 19 | loss=0.001616 | train_ndcg@1000(subset)=0.829197 train_ndcg@10(subset)=0.761502 | test_ndcg@1000=0.725111 test_ndcg@10=0.642248 test_f1@5=0.457081 | conv_w=0.5256,0.2143,0.2601 | scale mean=0.9688 p95=1.0049 max=1.3741 | delta|x| mean=0.061797 p95=0.152017 | total=3.223s
[STAGE2 ] Epoch 20 | loss=0.001862 | train_ndcg@1000(subset)=0.830062 train_ndcg@10(subset)=0.761976 | test_ndcg@1000=0.725488 test_ndcg@10=0.642203 test_f1@5=0.457277 | conv_w=0.5262,0.2140,0.2598 | scale mean=0.9688 p95=1.0053 max=1.3790 | delta|x| mean=0.061963 p95=0.153665 | total=3.132s
[STAGE2 ] Epoch 21 | loss=0.001766 | train_ndcg@1000(subset)=0.830980 train_ndcg@10(subset)=0.763786 | test_ndcg@1000=0.724414 test_ndcg@10=0.642428 test_f1@5=0.456596 | conv_w=0.5269,0.2136,0.2595 | scale mean=0.9689 p95=1.0057 max=1.3840 | delta|x| mean=0.063082 p95=0.157285 | total=3.198s
[STAGE2 ] Epoch 22 | loss=0.002272 | train_ndcg@1000(subset)=0.831903 train_ndcg@10(subset)=0.765787 | test_ndcg@1000=0.724364 test_ndcg@10=0.643384 test_f1@5=0.454914 | conv_w=0.5276,0.2132,0.2592 | scale mean=0.9689 p95=1.0061 max=1.3887 | delta|x| mean=0.063682 p95=0.159270 | total=3.228s
[STAGE2 ] Epoch 23 | loss=0.001113 | train_ndcg@1000(subset)=0.832594 train_ndcg@10(subset)=0.767354 | test_ndcg@1000=0.723808 test_ndcg@10=0.641953 test_f1@5=0.454894 | conv_w=0.5283,0.2128,0.2589 | scale mean=0.9689 p95=1.0067 max=1.3939 | delta|x| mean=0.064780 p95=0.162489 | total=3.235s
[STAGE2 ] Epoch 24 | loss=0.002420 | train_ndcg@1000(subset)=0.834030 train_ndcg@10(subset)=0.769057 | test_ndcg@1000=0.722690 test_ndcg@10=0.642343 test_f1@5=0.455685 | conv_w=0.5291,0.2124,0.2586 | scale mean=0.9690 p95=1.0070 max=1.3986 | delta|x| mean=0.066040 p95=0.166404 | total=3.016s
[STAGE2 ] Epoch 25 | loss=0.002099 | train_ndcg@1000(subset)=0.835194 train_ndcg@10(subset)=0.770968 | test_ndcg@1000=0.720861 test_ndcg@10=0.642433 test_f1@5=0.454446 | conv_w=0.5298,0.2119,0.2582 | scale mean=0.9690 p95=1.0075 max=1.4031 | delta|x| mean=0.067037 p95=0.169329 | total=3.191s
[STAGE2 ] Epoch 26 | loss=0.002927 | train_ndcg@1000(subset)=0.836692 train_ndcg@10(subset)=0.773115 | test_ndcg@1000=0.719878 test_ndcg@10=0.641391 test_f1@5=0.452939 | conv_w=0.5306,0.2115,0.2579 | scale mean=0.9691 p95=1.0079 max=1.4073 | delta|x| mean=0.067534 p95=0.170720 | total=3.294s
[STAGE2 ] Epoch 27 | loss=0.000974 | train_ndcg@1000(subset)=0.837577 train_ndcg@10(subset)=0.774240 | test_ndcg@1000=0.720065 test_ndcg@10=0.641657 test_f1@5=0.453370 | conv_w=0.5314,0.2110,0.2576 | scale mean=0.9691 p95=1.0083 max=1.4124 | delta|x| mean=0.067833 p95=0.171744 | total=3.091s
[STAGE2 ] Epoch 28 | loss=0.002047 | train_ndcg@1000(subset)=0.839775 train_ndcg@10(subset)=0.777277 | test_ndcg@1000=0.719740 test_ndcg@10=0.642550 test_f1@5=0.454291 | conv_w=0.5322,0.2105,0.2573 | scale mean=0.9692 p95=1.0088 max=1.4167 | delta|x| mean=0.067959 p95=0.172454 | total=3.093s
[STAGE2 ] Epoch 29 | loss=0.001544 | train_ndcg@1000(subset)=0.840702 train_ndcg@10(subset)=0.778700 | test_ndcg@1000=0.718770 test_ndcg@10=0.642199 test_f1@5=0.453731 | conv_w=0.5330,0.2101,0.2569 | scale mean=0.9692 p95=1.0092 max=1.4214 | delta|x| mean=0.068748 p95=0.175117 | total=3.275s
[STAGE2 ] Epoch 30 | loss=0.001361 | train_ndcg@1000(subset)=0.841547 train_ndcg@10(subset)=0.778954 | test_ndcg@1000=0.717152 test_ndcg@10=0.643100 test_f1@5=0.455282 | conv_w=0.5338,0.2096,0.2566 | scale mean=0.9693 p95=1.0096 max=1.4265 | delta|x| mean=0.070736 p95=0.180075 | total=3.419s

Stage 2 complete: best epoch=30, train_ndcg@1000=0.841547
  Train NDCG@10=0.781133  NDCG@1000=0.842494
  Test  NDCG@10=0.643100  NDCG@1000=0.717152  F1@5=0.455282

================================================================================
FINAL SUMMARY
================================================================================
Stage 1 best | epoch=30 | test_ndcg@10=0.649100 | test_ndcg@1000=0.767279 | f1@5=0.460252
Stage 2 best | epoch=30 | test_ndcg@10=0.643100 | test_ndcg@1000=0.717152 | f1@5=0.455282

Saved best result to SCOREBOARD.md
Cached metrics: .cache/benchmarks/v3--torch_nn_split_p--yso-en--f4dac297f0bf77669c023a628167dbf3bc32800e68de73dadb706bf934533f82.metrics

---- Running: benchmarks.torch_nn_split_per_label_staged (dataset=koko) ----
Cache miss (or disabled). Running benchmark...
Using device: cuda
Loading training data...
Label activity | n_labels=60140 active=19457 (32.35%) inactive=40683
Train sparsity | truth avg nnz/row=6.60 | bonsai_gemma3 avg nnz/row=203.34 | bonsai_ovis2 avg nnz/row=202.02 | mllm avg nnz/row=28.02
Loading test data...

================================================================================
STAGE 1: Training base layers (conv + scale_raw) only
================================================================================
[STAGE1 ] Epoch 01 | loss=0.002942 | train_ndcg@1000(subset)=0.539109 train_ndcg@10(subset)=0.435519 | test_ndcg@1000=0.460279 test_ndcg@10=0.358935 test_f1@5=0.263096 | conv_w=0.3290,0.3882,0.2828 | scale mean=0.9971 p95=1.0000 max=1.0335 | delta|x| mean=0.000000 p95=0.000000 | total=21.782s
[STAGE1 ] Epoch 02 | loss=0.003528 | train_ndcg@1000(subset)=0.539137 train_ndcg@10(subset)=0.435529 | test_ndcg@1000=0.460314 test_ndcg@10=0.359133 test_f1@5=0.263483 | conv_w=0.3219,0.3799,0.2982 | scale mean=0.9944 p95=1.0000 max=1.0659 | delta|x| mean=0.000000 p95=0.000000 | total=21.172s
[STAGE1 ] Epoch 03 | loss=0.002868 | train_ndcg@1000(subset)=0.539148 train_ndcg@10(subset)=0.435859 | test_ndcg@1000=0.460201 test_ndcg@10=0.358863 test_f1@5=0.262997 | conv_w=0.3147,0.3715,0.3138 | scale mean=0.9918 p95=1.0000 max=1.1006 | delta|x| mean=0.000000 p95=0.000000 | total=19.856s
[STAGE1 ] Epoch 04 | loss=0.003394 | train_ndcg@1000(subset)=0.541121 train_ndcg@10(subset)=0.438015 | test_ndcg@1000=0.460101 test_ndcg@10=0.358622 test_f1@5=0.262857 | conv_w=0.3072,0.3632,0.3296 | scale mean=0.9893 p95=1.0000 max=1.1347 | delta|x| mean=0.000000 p95=0.000000 | total=19.110s
[STAGE1 ] Epoch 05 | loss=0.003364 | train_ndcg@1000(subset)=0.541454 train_ndcg@10(subset)=0.437036 | test_ndcg@1000=0.459906 test_ndcg@10=0.358224 test_f1@5=0.262824 | conv_w=0.2998,0.3550,0.3452 | scale mean=0.9870 p95=1.0000 max=1.1719 | delta|x| mean=0.000000 p95=0.000000 | total=20.366s
[STAGE1 ] Epoch 06 | loss=0.003427 | train_ndcg@1000(subset)=0.541151 train_ndcg@10(subset)=0.436488 | test_ndcg@1000=0.459694 test_ndcg@10=0.357885 test_f1@5=0.263324 | conv_w=0.2924,0.3468,0.3608 | scale mean=0.9847 p95=1.0000 max=1.2095 | delta|x| mean=0.000000 p95=0.000000 | total=19.333s
[STAGE1 ] Epoch 07 | loss=0.003217 | train_ndcg@1000(subset)=0.541218 train_ndcg@10(subset)=0.436966 | test_ndcg@1000=0.459321 test_ndcg@10=0.357092 test_f1@5=0.262806 | conv_w=0.2850,0.3388,0.3762 | scale mean=0.9826 p95=1.0000 max=1.2476 | delta|x| mean=0.000000 p95=0.000000 | total=20.781s
[STAGE1 ] Epoch 08 | loss=0.003516 | train_ndcg@1000(subset)=0.542253 train_ndcg@10(subset)=0.437593 | test_ndcg@1000=0.459032 test_ndcg@10=0.356619 test_f1@5=0.262452 | conv_w=0.2774,0.3312,0.3913 | scale mean=0.9805 p95=1.0000 max=1.2875 | delta|x| mean=0.000000 p95=0.000000 | total=19.498s
[STAGE1 ] Epoch 09 | loss=0.003476 | train_ndcg@1000(subset)=0.542674 train_ndcg@10(subset)=0.437059 | test_ndcg@1000=0.458662 test_ndcg@10=0.356018 test_f1@5=0.261915 | conv_w=0.2702,0.3239,0.4060 | scale mean=0.9786 p95=1.0000 max=1.3271 | delta|x| mean=0.000000 p95=0.000000 | total=18.885s
[STAGE1 ] Epoch 10 | loss=0.003192 | train_ndcg@1000(subset)=0.542635 train_ndcg@10(subset)=0.436424 | test_ndcg@1000=0.458003 test_ndcg@10=0.354962 test_f1@5=0.261383 | conv_w=0.2631,0.3167,0.4202 | scale mean=0.9767 p95=1.0000 max=1.3695 | delta|x| mean=0.000000 p95=0.000000 | total=19.716s
[STAGE1 ] Epoch 11 | loss=0.003351 | train_ndcg@1000(subset)=0.542853 train_ndcg@10(subset)=0.435474 | test_ndcg@1000=0.457487 test_ndcg@10=0.354069 test_f1@5=0.260863 | conv_w=0.2563,0.3099,0.4338 | scale mean=0.9749 p95=1.0000 max=1.4114 | delta|x| mean=0.000000 p95=0.000000 | total=18.207s
[STAGE1 ] Epoch 12 | loss=0.003843 | train_ndcg@1000(subset)=0.542747 train_ndcg@10(subset)=0.434863 | test_ndcg@1000=0.457079 test_ndcg@10=0.353531 test_f1@5=0.259673 | conv_w=0.2497,0.3037,0.4467 | scale mean=0.9732 p95=1.0000 max=1.4558 | delta|x| mean=0.000000 p95=0.000000 | total=19.111s
[STAGE1 ] Epoch 13 | loss=0.003165 | train_ndcg@1000(subset)=0.542790 train_ndcg@10(subset)=0.434275 | test_ndcg@1000=0.456693 test_ndcg@10=0.352714 test_f1@5=0.259080 | conv_w=0.2433,0.2978,0.4589 | scale mean=0.9716 p95=1.0000 max=1.5032 | delta|x| mean=0.000000 p95=0.000000 | total=18.725s
[STAGE1 ] Epoch 14 | loss=0.003341 | train_ndcg@1000(subset)=0.542958 train_ndcg@10(subset)=0.434612 | test_ndcg@1000=0.456216 test_ndcg@10=0.351884 test_f1@5=0.258339 | conv_w=0.2373,0.2924,0.4703 | scale mean=0.9700 p95=1.0000 max=1.5492 | delta|x| mean=0.000000 p95=0.000000 | total=18.487s
[STAGE1 ] Epoch 15 | loss=0.003401 | train_ndcg@1000(subset)=0.543271 train_ndcg@10(subset)=0.435104 | test_ndcg@1000=0.456145 test_ndcg@10=0.351720 test_f1@5=0.258217 | conv_w=0.2314,0.2875,0.4811 | scale mean=0.9686 p95=1.0000 max=1.5972 | delta|x| mean=0.000000 p95=0.000000 | total=20.438s
[STAGE1 ] Epoch 16 | loss=0.003310 | train_ndcg@1000(subset)=0.542951 train_ndcg@10(subset)=0.434994 | test_ndcg@1000=0.455900 test_ndcg@10=0.351284 test_f1@5=0.257435 | conv_w=0.2259,0.2832,0.4909 | scale mean=0.9671 p95=1.0000 max=1.6446 | delta|x| mean=0.000000 p95=0.000000 | total=19.286s
[STAGE1 ] Epoch 17 | loss=0.003266 | train_ndcg@1000(subset)=0.542908 train_ndcg@10(subset)=0.435088 | test_ndcg@1000=0.455551 test_ndcg@10=0.350798 test_f1@5=0.256751 | conv_w=0.2207,0.2793,0.5000 | scale mean=0.9658 p95=1.0000 max=1.6940 | delta|x| mean=0.000000 p95=0.000000 | total=19.385s
[STAGE1 ] Epoch 18 | loss=0.003478 | train_ndcg@1000(subset)=0.543691 train_ndcg@10(subset)=0.437187 | test_ndcg@1000=0.455362 test_ndcg@10=0.350323 test_f1@5=0.256422 | conv_w=0.2160,0.2759,0.5080 | scale mean=0.9645 p95=1.0005 max=1.7497 | delta|x| mean=0.000000 p95=0.000000 | total=19.105s
[STAGE1 ] Epoch 19 | loss=0.003578 | train_ndcg@1000(subset)=0.544195 train_ndcg@10(subset)=0.437486 | test_ndcg@1000=0.455137 test_ndcg@10=0.349935 test_f1@5=0.256295 | conv_w=0.2116,0.2731,0.5154 | scale mean=0.9632 p95=1.0013 max=1.8056 | delta|x| mean=0.000000 p95=0.000000 | total=18.607s
[STAGE1 ] Epoch 20 | loss=0.003103 | train_ndcg@1000(subset)=0.544101 train_ndcg@10(subset)=0.437561 | test_ndcg@1000=0.455097 test_ndcg@10=0.349979 test_f1@5=0.255851 | conv_w=0.2072,0.2704,0.5224 | scale mean=0.9620 p95=1.0023 max=1.8648 | delta|x| mean=0.000000 p95=0.000000 | total=19.479s
[STAGE1 ] Epoch 21 | loss=0.002949 | train_ndcg@1000(subset)=0.544222 train_ndcg@10(subset)=0.437237 | test_ndcg@1000=0.455112 test_ndcg@10=0.350030 test_f1@5=0.255415 | conv_w=0.2033,0.2682,0.5286 | scale mean=0.9608 p95=1.0030 max=1.9179 | delta|x| mean=0.000000 p95=0.000000 | total=19.268s
[STAGE1 ] Epoch 22 | loss=0.002870 | train_ndcg@1000(subset)=0.544495 train_ndcg@10(subset)=0.438275 | test_ndcg@1000=0.455050 test_ndcg@10=0.349891 test_f1@5=0.255176 | conv_w=0.1996,0.2664,0.5339 | scale mean=0.9597 p95=1.0042 max=1.9739 | delta|x| mean=0.000000 p95=0.000000 | total=18.727s
[STAGE1 ] Epoch 23 | loss=0.002754 | train_ndcg@1000(subset)=0.545211 train_ndcg@10(subset)=0.438741 | test_ndcg@1000=0.455117 test_ndcg@10=0.349768 test_f1@5=0.255197 | conv_w=0.1961,0.2650,0.5389 | scale mean=0.9586 p95=1.0050 max=2.0332 | delta|x| mean=0.000000 p95=0.000000 | total=17.672s
[STAGE1 ] Epoch 24 | loss=0.003072 | train_ndcg@1000(subset)=0.545888 train_ndcg@10(subset)=0.439916 | test_ndcg@1000=0.455227 test_ndcg@10=0.349698 test_f1@5=0.255047 | conv_w=0.1929,0.2636,0.5435 | scale mean=0.9575 p95=1.0062 max=2.0940 | delta|x| mean=0.000000 p95=0.000000 | total=19.761s
[STAGE1 ] Epoch 25 | loss=0.003434 | train_ndcg@1000(subset)=0.546127 train_ndcg@10(subset)=0.439675 | test_ndcg@1000=0.455280 test_ndcg@10=0.349785 test_f1@5=0.254992 | conv_w=0.1898,0.2624,0.5478 | scale mean=0.9565 p95=1.0067 max=2.1565 | delta|x| mean=0.000000 p95=0.000000 | total=20.425s
[STAGE1 ] Epoch 26 | loss=0.003076 | train_ndcg@1000(subset)=0.546641 train_ndcg@10(subset)=0.439906 | test_ndcg@1000=0.455257 test_ndcg@10=0.349842 test_f1@5=0.255112 | conv_w=0.1870,0.2618,0.5512 | scale mean=0.9555 p95=1.0075 max=2.2241 | delta|x| mean=0.000000 p95=0.000000 | total=19.475s
[STAGE1 ] Epoch 27 | loss=0.002939 | train_ndcg@1000(subset)=0.546785 train_ndcg@10(subset)=0.439754 | test_ndcg@1000=0.455437 test_ndcg@10=0.350140 test_f1@5=0.255182 | conv_w=0.1844,0.2609,0.5547 | scale mean=0.9545 p95=1.0086 max=2.2948 | delta|x| mean=0.000000 p95=0.000000 | total=19.260s
[STAGE1 ] Epoch 28 | loss=0.003743 | train_ndcg@1000(subset)=0.547382 train_ndcg@10(subset)=0.440803 | test_ndcg@1000=0.455569 test_ndcg@10=0.350502 test_f1@5=0.255256 | conv_w=0.1818,0.2602,0.5580 | scale mean=0.9535 p95=1.0101 max=2.3673 | delta|x| mean=0.000000 p95=0.000000 | total=18.911s
[STAGE1 ] Epoch 29 | loss=0.003060 | train_ndcg@1000(subset)=0.548100 train_ndcg@10(subset)=0.441989 | test_ndcg@1000=0.455542 test_ndcg@10=0.350593 test_f1@5=0.255192 | conv_w=0.1795,0.2594,0.5611 | scale mean=0.9526 p95=1.0115 max=2.4415 | delta|x| mean=0.000000 p95=0.000000 | total=18.235s
[STAGE1 ] Epoch 30 | loss=0.003618 | train_ndcg@1000(subset)=0.548920 train_ndcg@10(subset)=0.443038 | test_ndcg@1000=0.455645 test_ndcg@10=0.350668 test_f1@5=0.255370 | conv_w=0.1772,0.2591,0.5637 | scale mean=0.9517 p95=1.0124 max=2.5161 | delta|x| mean=0.000000 p95=0.000000 | total=20.347s

Stage 1 complete: best epoch=30, train_ndcg@1000=0.548920
  Train NDCG@10=0.441373  NDCG@1000=0.543951
  Test  NDCG@10=0.350668  NDCG@1000=0.455645  F1@5=0.255370

================================================================================
STAGE 2: Unfreezing all parameters and continuing training
================================================================================
[STAGE2 ] Epoch 01 | loss=0.003558 | train_ndcg@1000(subset)=0.571163 train_ndcg@10(subset)=0.450761 | test_ndcg@1000=0.453689 test_ndcg@10=0.351586 test_f1@5=0.255746 | conv_w=0.1789,0.2617,0.5594 | scale mean=0.9514 p95=1.0132 max=2.5552 | delta|x| mean=0.010020 p95=0.018095 | total=19.434s
[STAGE2 ] Epoch 02 | loss=0.002587 | train_ndcg@1000(subset)=0.579499 train_ndcg@10(subset)=0.456212 | test_ndcg@1000=0.453630 test_ndcg@10=0.352869 test_f1@5=0.256462 | conv_w=0.1809,0.2648,0.5544 | scale mean=0.9514 p95=1.0142 max=2.5959 | delta|x| mean=0.013903 p95=0.025892 | total=19.241s
[STAGE2 ] Epoch 03 | loss=0.002060 | train_ndcg@1000(subset)=0.586338 train_ndcg@10(subset)=0.462387 | test_ndcg@1000=0.454880 test_ndcg@10=0.354505 test_f1@5=0.258322 | conv_w=0.1830,0.2681,0.5490 | scale mean=0.9515 p95=1.0153 max=2.6341 | delta|x| mean=0.016463 p95=0.031221 | total=19.256s
[STAGE2 ] Epoch 04 | loss=0.002433 | train_ndcg@1000(subset)=0.591526 train_ndcg@10(subset)=0.466633 | test_ndcg@1000=0.453847 test_ndcg@10=0.356208 test_f1@5=0.259034 | conv_w=0.1846,0.2712,0.5441 | scale mean=0.9515 p95=1.0166 max=2.6742 | delta|x| mean=0.018958 p95=0.036549 | total=19.828s
[STAGE2 ] Epoch 05 | loss=0.002374 | train_ndcg@1000(subset)=0.598249 train_ndcg@10(subset)=0.471091 | test_ndcg@1000=0.453655 test_ndcg@10=0.357442 test_f1@5=0.259773 | conv_w=0.1864,0.2747,0.5388 | scale mean=0.9516 p95=1.0179 max=2.7143 | delta|x| mean=0.020848 p95=0.040703 | total=19.247s
[STAGE2 ] Epoch 06 | loss=0.002345 | train_ndcg@1000(subset)=0.602518 train_ndcg@10(subset)=0.474948 | test_ndcg@1000=0.453700 test_ndcg@10=0.358481 test_f1@5=0.260289 | conv_w=0.1870,0.2755,0.5375 | scale mean=0.9518 p95=1.0190 max=2.7539 | delta|x| mean=0.022515 p95=0.044537 | total=19.532s
[STAGE2 ] Epoch 07 | loss=0.002214 | train_ndcg@1000(subset)=0.607384 train_ndcg@10(subset)=0.480305 | test_ndcg@1000=0.453543 test_ndcg@10=0.360338 test_f1@5=0.262503 | conv_w=0.1883,0.2787,0.5330 | scale mean=0.9519 p95=1.0201 max=2.7943 | delta|x| mean=0.024375 p95=0.048828 | total=18.364s
[STAGE2 ] Epoch 08 | loss=0.002655 | train_ndcg@1000(subset)=0.611259 train_ndcg@10(subset)=0.483381 | test_ndcg@1000=0.454634 test_ndcg@10=0.361899 test_f1@5=0.263112 | conv_w=0.1893,0.2802,0.5305 | scale mean=0.9520 p95=1.0207 max=2.8332 | delta|x| mean=0.025504 p95=0.051530 | total=19.649s
[STAGE2 ] Epoch 09 | loss=0.002122 | train_ndcg@1000(subset)=0.616956 train_ndcg@10(subset)=0.487798 | test_ndcg@1000=0.453382 test_ndcg@10=0.363035 test_f1@5=0.263758 | conv_w=0.1891,0.2802,0.5308 | scale mean=0.9521 p95=1.0215 max=2.8734 | delta|x| mean=0.027109 p95=0.055353 | total=19.275s
[STAGE2 ] Epoch 10 | loss=0.002409 | train_ndcg@1000(subset)=0.620402 train_ndcg@10(subset)=0.493167 | test_ndcg@1000=0.453251 test_ndcg@10=0.364140 test_f1@5=0.263247 | conv_w=0.1887,0.2797,0.5316 | scale mean=0.9523 p95=1.0224 max=2.9120 | delta|x| mean=0.028670 p95=0.059413 | total=19.652s
[STAGE2 ] Epoch 11 | loss=0.002295 | train_ndcg@1000(subset)=0.623902 train_ndcg@10(subset)=0.497247 | test_ndcg@1000=0.453127 test_ndcg@10=0.364981 test_f1@5=0.264371 | conv_w=0.1892,0.2802,0.5306 | scale mean=0.9524 p95=1.0231 max=2.9505 | delta|x| mean=0.029924 p95=0.062642 | total=19.446s
[STAGE2 ] Epoch 12 | loss=0.001886 | train_ndcg@1000(subset)=0.627341 train_ndcg@10(subset)=0.501858 | test_ndcg@1000=0.452788 test_ndcg@10=0.365556 test_f1@5=0.264823 | conv_w=0.1896,0.2808,0.5296 | scale mean=0.9525 p95=1.0240 max=2.9903 | delta|x| mean=0.031235 p95=0.066168 | total=19.666s
[STAGE2 ] Epoch 13 | loss=0.002028 | train_ndcg@1000(subset)=0.630778 train_ndcg@10(subset)=0.506621 | test_ndcg@1000=0.452685 test_ndcg@10=0.366313 test_f1@5=0.264999 | conv_w=0.1901,0.2814,0.5285 | scale mean=0.9527 p95=1.0250 max=3.0293 | delta|x| mean=0.032204 p95=0.068997 | total=18.969s
[STAGE2 ] Epoch 14 | loss=0.002036 | train_ndcg@1000(subset)=0.633534 train_ndcg@10(subset)=0.508451 | test_ndcg@1000=0.452047 test_ndcg@10=0.366473 test_f1@5=0.265581 | conv_w=0.1906,0.2820,0.5274 | scale mean=0.9528 p95=1.0259 max=3.0688 | delta|x| mean=0.033275 p95=0.071873 | total=20.535s
[STAGE2 ] Epoch 15 | loss=0.002361 | train_ndcg@1000(subset)=0.636553 train_ndcg@10(subset)=0.514127 | test_ndcg@1000=0.450816 test_ndcg@10=0.367133 test_f1@5=0.265942 | conv_w=0.1911,0.2826,0.5262 | scale mean=0.9530 p95=1.0272 max=3.1074 | delta|x| mean=0.034615 p95=0.075653 | total=22.580s
[STAGE2 ] Epoch 16 | loss=0.002341 | train_ndcg@1000(subset)=0.639890 train_ndcg@10(subset)=0.517353 | test_ndcg@1000=0.451039 test_ndcg@10=0.367363 test_f1@5=0.266782 | conv_w=0.1916,0.2833,0.5251 | scale mean=0.9531 p95=1.0279 max=3.1483 | delta|x| mean=0.035656 p95=0.078649 | total=22.167s
[STAGE2 ] Epoch 17 | loss=0.001701 | train_ndcg@1000(subset)=0.643536 train_ndcg@10(subset)=0.520961 | test_ndcg@1000=0.449804 test_ndcg@10=0.368079 test_f1@5=0.267322 | conv_w=0.1919,0.2841,0.5240 | scale mean=0.9533 p95=1.0288 max=3.1855 | delta|x| mean=0.037052 p95=0.082281 | total=22.614s
[STAGE2 ] Epoch 18 | loss=0.001845 | train_ndcg@1000(subset)=0.645889 train_ndcg@10(subset)=0.522717 | test_ndcg@1000=0.450714 test_ndcg@10=0.368414 test_f1@5=0.268208 | conv_w=0.1923,0.2848,0.5229 | scale mean=0.9534 p95=1.0297 max=3.2262 | delta|x| mean=0.037740 p95=0.084428 | total=20.818s
[STAGE2 ] Epoch 19 | loss=0.002140 | train_ndcg@1000(subset)=0.648006 train_ndcg@10(subset)=0.526659 | test_ndcg@1000=0.449506 test_ndcg@10=0.368830 test_f1@5=0.268566 | conv_w=0.1927,0.2855,0.5218 | scale mean=0.9536 p95=1.0306 max=3.2628 | delta|x| mean=0.038824 p95=0.087795 | total=22.415s
[STAGE2 ] Epoch 20 | loss=0.002353 | train_ndcg@1000(subset)=0.650013 train_ndcg@10(subset)=0.530802 | test_ndcg@1000=0.449750 test_ndcg@10=0.369282 test_f1@5=0.268939 | conv_w=0.1931,0.2863,0.5207 | scale mean=0.9537 p95=1.0316 max=3.3025 | delta|x| mean=0.039583 p95=0.090370 | total=21.159s
[STAGE2 ] Epoch 21 | loss=0.001838 | train_ndcg@1000(subset)=0.652254 train_ndcg@10(subset)=0.534410 | test_ndcg@1000=0.448475 test_ndcg@10=0.369325 test_f1@5=0.269111 | conv_w=0.1935,0.2871,0.5195 | scale mean=0.9539 p95=1.0322 max=3.3420 | delta|x| mean=0.040722 p95=0.093559 | total=21.620s
[STAGE2 ] Epoch 22 | loss=0.001899 | train_ndcg@1000(subset)=0.654641 train_ndcg@10(subset)=0.536588 | test_ndcg@1000=0.448585 test_ndcg@10=0.369778 test_f1@5=0.269399 | conv_w=0.1939,0.2879,0.5182 | scale mean=0.9540 p95=1.0334 max=3.3796 | delta|x| mean=0.041269 p95=0.095755 | total=21.894s
[STAGE2 ] Epoch 23 | loss=0.002452 | train_ndcg@1000(subset)=0.657355 train_ndcg@10(subset)=0.539387 | test_ndcg@1000=0.448221 test_ndcg@10=0.370054 test_f1@5=0.269569 | conv_w=0.1946,0.2888,0.5166 | scale mean=0.9542 p95=1.0343 max=3.4174 | delta|x| mean=0.042158 p95=0.098755 | total=22.122s
[STAGE2 ] Epoch 24 | loss=0.002206 | train_ndcg@1000(subset)=0.659207 train_ndcg@10(subset)=0.542156 | test_ndcg@1000=0.448081 test_ndcg@10=0.370541 test_f1@5=0.270107 | conv_w=0.1950,0.2897,0.5153 | scale mean=0.9544 p95=1.0355 max=3.4568 | delta|x| mean=0.042650 p95=0.100612 | total=23.434s
[STAGE2 ] Epoch 25 | loss=0.001864 | train_ndcg@1000(subset)=0.661723 train_ndcg@10(subset)=0.547583 | test_ndcg@1000=0.447800 test_ndcg@10=0.370895 test_f1@5=0.270554 | conv_w=0.1954,0.2907,0.5139 | scale mean=0.9545 p95=1.0370 max=3.4956 | delta|x| mean=0.043888 p95=0.104159 | total=21.206s
[STAGE2 ] Epoch 26 | loss=0.001600 | train_ndcg@1000(subset)=0.662951 train_ndcg@10(subset)=0.548011 | test_ndcg@1000=0.448731 test_ndcg@10=0.371523 test_f1@5=0.271616 | conv_w=0.1959,0.2915,0.5126 | scale mean=0.9547 p95=1.0384 max=3.5344 | delta|x| mean=0.044366 p95=0.106101 | total=21.118s
[STAGE2 ] Epoch 27 | loss=0.002013 | train_ndcg@1000(subset)=0.664491 train_ndcg@10(subset)=0.550624 | test_ndcg@1000=0.448249 test_ndcg@10=0.371710 test_f1@5=0.271615 | conv_w=0.1963,0.2925,0.5112 | scale mean=0.9548 p95=1.0397 max=3.5713 | delta|x| mean=0.045145 p95=0.108625 | total=21.700s
[STAGE2 ] Epoch 28 | loss=0.002595 | train_ndcg@1000(subset)=0.665893 train_ndcg@10(subset)=0.552796 | test_ndcg@1000=0.447862 test_ndcg@10=0.371868 test_f1@5=0.271431 | conv_w=0.1967,0.2933,0.5099 | scale mean=0.9550 p95=1.0406 max=3.6150 | delta|x| mean=0.046004 p95=0.111929 | total=20.722s
[STAGE2 ] Epoch 29 | loss=0.002217 | train_ndcg@1000(subset)=0.668376 train_ndcg@10(subset)=0.554683 | test_ndcg@1000=0.447288 test_ndcg@10=0.371835 test_f1@5=0.271154 | conv_w=0.1971,0.2943,0.5086 | scale mean=0.9551 p95=1.0415 max=3.6527 | delta|x| mean=0.046841 p95=0.114416 | total=22.196s
[STAGE2 ] Epoch 30 | loss=0.002254 | train_ndcg@1000(subset)=0.670032 train_ndcg@10(subset)=0.558332 | test_ndcg@1000=0.446565 test_ndcg@10=0.371696 test_f1@5=0.271137 | conv_w=0.1977,0.2951,0.5072 | scale mean=0.9553 p95=1.0424 max=3.6942 | delta|x| mean=0.047633 p95=0.117208 | total=21.261s

Stage 2 complete: best epoch=30, train_ndcg@1000=0.670032
  Train NDCG@10=0.549958  NDCG@1000=0.661857
  Test  NDCG@10=0.371696  NDCG@1000=0.446565  F1@5=0.271137

================================================================================
FINAL SUMMARY
================================================================================
Stage 1 best | epoch=30 | test_ndcg@10=0.350668 | test_ndcg@1000=0.455645 | f1@5=0.255370
Stage 2 best | epoch=30 | test_ndcg@10=0.371696 | test_ndcg@1000=0.446565 | f1@5=0.271137

Saved best result to SCOREBOARD.md
Cached metrics: .cache/benchmarks/v3--torch_nn_split_p--koko--e78838d024954713ab9af3ef1c941cfb62d54e52f8b57b401b2f18ee26054a3f.metrics

Done. SCOREBOARD.md updated.
Note: baseline results are not cached because it writes multiple scoreboard rows.
